// Jest Snapshot v1, https://goo.gl/fbAQLP

exports[`Navbar render default 1`] = `
<div>
  <nav>
    <div
      class="border-b"
    >
      <div
        class="container mx-auto px-8 py-4"
      >
        <h1
          class="text-2xl"
        >
          MINI APPS
        </h1>
      </div>
    </div>
  </nav>
</div>
`;
